30 mtime=1379553520.612578931
30 atime=1389151461.894932657
30 ctime=1389151461.894932657
