30 mtime=1379553520.578578811
28 atime=1389151462.0109322
28 ctime=1389151462.0109322
