30 mtime=1384978086.681497418
30 atime=1389151462.011932196
30 ctime=1389151462.011932196
