30 mtime=1379553520.455578379
30 atime=1389151462.463930409
30 ctime=1389151462.463930409
