30 mtime=1379553520.866579823
30 atime=1389151465.189919589
30 ctime=1389151465.189919589
