30 mtime=1379553520.998580287
30 atime=1389151468.850904904
30 ctime=1389151468.850904904
