30 mtime=1381681563.047156066
30 atime=1389151470.494898252
30 ctime=1389151470.494898252
