30 mtime=1384978086.872497482
29 atime=1389151471.57589386
29 ctime=1389151471.57589386
