30 mtime=1384978086.675497416
30 atime=1389151471.422894483
30 ctime=1389151471.422894483
