30 mtime=1379553521.501582055
30 atime=1389151472.297890918
30 ctime=1389151472.297890918
