30 mtime=1379553521.167580881
30 atime=1389151472.555889865
30 ctime=1389151472.555889865
