30 mtime=1379553521.209581029
29 atime=1389151472.49589011
29 ctime=1389151472.49589011
