30 mtime=1384978086.901497491
30 atime=1389151473.345886635
30 ctime=1389151473.345886635
