30 mtime=1379553521.954583648
30 atime=1389151473.996883969
30 ctime=1389151473.996883969
