30 mtime=1379553521.762582973
30 atime=1389151474.466882038
30 ctime=1389151474.466882038
