30 mtime=1384978086.739497437
30 atime=1389151474.520881816
30 ctime=1389151474.520881816
