30 mtime=1379553522.620585988
30 atime=1389151474.532881767
30 ctime=1389151474.532881767
