30 mtime=1384978086.794497455
30 atime=1389151475.093879461
30 ctime=1389151475.093879461
