30 mtime=1379553522.358585067
30 atime=1389151475.168879152
30 ctime=1389151475.168879152
