30 mtime=1379553522.237584642
30 atime=1389151475.202879012
30 ctime=1389151475.202879012
