30 mtime=1379553522.953587159
30 atime=1389151475.363878348
30 ctime=1389151475.363878348
