30 mtime=1379553522.946587134
30 atime=1389151475.691876996
30 ctime=1389151475.691876996
