30 mtime=1379553522.682586206
30 atime=1389151478.320866111
30 ctime=1389151478.320866111
