30 mtime=1379553522.857586821
30 atime=1389151478.321866107
30 ctime=1389151478.321866107
