30 mtime=1379553522.807586646
30 atime=1389151478.323866098
30 ctime=1389151478.323866098
