30 mtime=1379553522.837586751
30 atime=1389151478.324866094
30 ctime=1389151478.324866094
