30 mtime=1379553522.800586621
29 atime=1389151478.32586609
29 ctime=1389151478.32586609
