30 mtime=1379553523.028587422
30 atime=1389151478.326866086
30 ctime=1389151478.326866086
