30 mtime=1379553523.230588132
30 atime=1389151478.341866023
30 ctime=1389151478.341866023
