30 mtime=1384978086.895497489
30 atime=1389151478.343866015
30 ctime=1389151478.343866015
