30 mtime=1384978086.637497403
30 atime=1389151478.538865204
30 ctime=1389151478.538865204
