30 mtime=1379553523.123587756
29 atime=1389151478.75386431
29 ctime=1389151478.75386431
