30 mtime=1379553523.014587373
30 atime=1389151479.170862573
30 ctime=1389151479.170862573
