30 mtime=1384978086.702497425
30 atime=1389151479.555860966
30 ctime=1389151479.555860966
