29 mtime=1379553523.47458899
30 atime=1389151480.003859097
30 ctime=1389151480.003859097
