30 mtime=1379553523.281588311
30 atime=1389151480.367857573
30 ctime=1389151480.367857573
