30 mtime=1379553523.380588659
30 atime=1389151480.601856594
30 ctime=1389151480.601856594
