30 mtime=1379553523.317588438
29 atime=1389151481.23985392
29 ctime=1389151481.23985392
