30 mtime=1379553523.307588403
30 atime=1389151481.238853924
30 ctime=1389151481.238853924
