30 mtime=1379553523.499589078
30 atime=1389151481.245853895
30 ctime=1389151481.246853891
