30 mtime=1379553523.870590382
30 atime=1389151481.407853215
30 ctime=1389151481.407853215
