30 mtime=1379553523.845590294
30 atime=1389151481.246853891
30 ctime=1389151481.246853891
