30 mtime=1379553524.374592153
30 atime=1389151481.444853059
30 ctime=1389151481.444853059
