30 mtime=1379553524.702593305
30 atime=1389151481.429853122
30 ctime=1389151481.429853122
