30 mtime=1379553524.139591327
30 atime=1389151481.452853026
30 ctime=1389151481.452853026
