30 mtime=1382706428.324037061
30 atime=1389151481.612852354
30 ctime=1389151481.612852354
