30 mtime=1384978086.705497426
30 atime=1389151482.052850506
30 ctime=1389151482.052850506
