30 mtime=1379553523.823590216
30 atime=1389151483.397844837
30 ctime=1389151483.397844837
