29 mtime=1379553523.78759009
30 atime=1389151483.468844537
30 ctime=1389151483.469844533
